// Jest Snapshot v1, https://goo.gl/fbAQLP

exports[`Components/ListItem should render snapshot 1`] = `
<View
  accessible={false}
  focusable={true}
  onClick={[Function]}
  onResponderGrant={[Function]}
  onResponderMove={[Function]}
  onResponderRelease={[Function]}
  onResponderTerminate={[Function]}
  onResponderTerminationRequest={[Function]}
  onStartShouldSetResponder={[Function]}
  style={
    Array [
      false,
      Array [
        Object {
          "padding": 8,
        },
        Array [
          Object {
            "borderBottomColor": "#bcbaba",
            "borderBottomWidth": 1,
          },
        ],
      ],
    ]
  }
  testID="TouchableOpacity_listItem"
>
  <View
    style={
      Object {
        "flexDirection": "row",
      }
    }
  >
    <View
      style={
        Array [
          Object {
            "marginVertical": 6,
            "paddingLeft": 8,
          },
          Object {
            "flex": 1,
            "justifyContent": "center",
          },
        ]
      }
    >
      <Text
        numberOfLines={1}
        selectable={false}
        style={
          Array [
            Object {
              "color": "#000000",
              "fontFamily": "System",
              "fontWeight": "400",
            },
            Object {
              "textAlign": "left",
            },
            Array [
              Object {
                "fontSize": 16,
              },
              Object {
                "color": "rgba(0, 0, 0, 0.87)",
              },
              Object {
                "color": "#000",
                "fontSize": 22,
                "fontWeight": "600",
              },
            ],
          ]
        }
      >
        Page Title
      </Text>
      <Text
        numberOfLines={2}
        selectable={false}
        style={
          Array [
            Object {
              "color": "#000000",
              "fontFamily": "System",
              "fontWeight": "400",
            },
            Object {
              "textAlign": "left",
            },
            Array [
              Object {
                "fontSize": 14,
              },
              Object {
                "color": "rgba(0, 0, 0, 0.54)",
              },
              Object {
                "color": "#5B5B5B",
                "fontSize": 18,
              },
            ],
          ]
        }
      >
        subtitle
      </Text>
    </View>
    <Image
      source="test-file-stub"
      style={
        Array [
          Object {
            "height": 18,
            "marginRight": 10,
            "marginTop": 20,
            "width": 8,
          },
        ]
      }
    />
  </View>
</View>
`;
